// Jest Snapshot v1, https://goo.gl/fbAQLP

exports[`renders Header unchanged 1`] = `
<div>
  <header
    class="w-full top-0 z-10 shadow-md md:fixed md:p-4 flex justify-between p-2 bg-white"
    data-testid="header"
  >
    <a
      class="flex items-center text-inherit hover:no-underline"
      href="#"
    >
      <img
        alt="html5 and hammer image"
        class="mr-2"
        data-nimg="1"
        decoding="async"
        height="50"
        loading="lazy"
        src="/_next/image?url=%2Fimg.jpg&w=128&q=75"
        srcset="/_next/image?url=%2Fimg.jpg&w=64&q=75 1x, /_next/image?url=%2Fimg.jpg&w=128&q=75 2x"
        style="color: transparent;"
        width="50"
      />
      <span
        class="font-bold text-sm"
      >
        ｄｅｎ . ｋｕｚｎｅｔｓ
      </span>
    </a>
    <nav
      class="flex items-center max-md:hidden"
    >
      <ul
        class="flex items-center justify-center gap-y-10 text-center font-serif max-md:min-h-screen max-md:flex-col max-md:text-[2rem] md:gap-x-16"
      >
        <li>
          <a
            class="text-gray-500 hover:text-almostBlack"
            href="#hero"
          >
            Обо мне
          </a>
        </li>
        <li>
          <a
            class="text-gray-500 hover:text-almostBlack"
            href="#examples"
          >
            Примеры работ
          </a>
        </li>
      </ul>
    </nav>
    <button
      aria-label="Hamburger Menu"
      class="fixed right-6 top-6 sm:hidden z-50"
    >
      <div
        class="w-6 cursor-pointer transition-all ease duration-300"
      >
        <div
          class="relative"
        >
          <span
            class="absolute top-0 inline-block w-full h-0.5 bg-almostBlack rounded transition-all ease duration-200"
            style="transform: rotate(0deg) translateY(6px);"
          >
             
          </span>
          <span
            class="absolute top-0 inline-block w-full h-0.5 bg-almostBlack rounded transition-all ease duration-200"
            style="opacity: 1;"
          >
             
          </span>
          <span
            class="absolute top-0 inline-block w-full h-0.5 bg-almostBlack rounded transition-all ease duration-200"
            style="transform: rotate(0deg) translateY(-6px);"
          >
             
          </span>
        </div>
      </div>
    </button>
  </header>
</div>
`;
