// Jest Snapshot v1, https://goo.gl/fbAQLP

exports[`renders navbar unchanged 1`] = `
<div>
  <nav
    data-testid="navbar-container"
  >
    <ul
      class="flex items-center justify-center gap-y-10 text-center font-serif max-md:min-h-screen max-md:flex-col max-md:text-[2rem] md:gap-x-16"
      data-testid="navbar-list"
    >
      <li
        data-testid="navbar-list-item"
      >
        <a
          href="#hero"
        >
          Обо мне
        </a>
      </li>
      <li
        data-testid="navbar-list-item"
      >
        <a
          href="#work"
        >
          Примеры работ
        </a>
      </li>
    </ul>
  </nav>
</div>
`;
