// Jest Snapshot v1, https://goo.gl/fbAQLP

exports[`renders navbar unchanged 1`] = `
<div>
  <nav
    class="fixed md:static z-10 min-w-full md:min-w-fit bg-white/40 md:flex "
  >
    <ul
      class="flex-col w-[70vw] md:w-fit px-8 md:px-0 bg-white flex items-center justify-center gap-y-10 text-center font-serif min-h-screen md:min-w-0 md:min-h-fit md:shadow-none md:flex-row md:justify-end text-2xl md:text-xl shadow-lg md:gap-x-16 "
    >
      <li>
        <a
          class="text-gray-500 hover:text-almostBlack"
          href="/#hero"
        >
          Обо мне
        </a>
      </li>
      <li>
        <a
          class="text-gray-500 hover:text-almostBlack"
          href="/#examples"
        >
          Примеры работ
        </a>
      </li>
      <li>
        <a
          class="text-gray-500 hover:text-almostBlack"
          href="/projects"
        >
          Все проекты
        </a>
      </li>
    </ul>
  </nav>
</div>
`;
